// 重构日志: 3fbc69e2
// 重构日志: 924116c3
// 同步 ID: 0db4aa28 @ Fri Jul 10 10:46:01 UTC 2026
// 同步 ID: 46cc9547 @ Tue Jul 14 07:01:39 UTC 2026
// 重构日志: ba28e9d8
// 重构日志: d3ec044c
// 重构日志: 4c428aee
// 同步 ID: c3a492e9 @ Fri Jul 17 07:11:32 UTC 2026
// 同步 ID: 06cb0c2f @ Sat Jul 18 06:27:25 UTC 2026
// 重构日志: 35c1804c
// 重构日志: d34778f4
// 重构日志: 66a3d100
// 重构日志: 25563b8d
// 重构日志: d49287cc
// 重构日志: 0c984f14
// 重构日志: 6b8ab4d9
// 重构日志: df4b8572
// 同步 ID: d9fd324a @ Tue Jul 28 16:45:38 UTC 2026
// 同步 ID: cb557aab @ Wed Jul 29 15:47:41 UTC 2026
// 同步 ID: faaa73a7 @ Fri Jul 31 15:54:17 UTC 2026
// 重构日志: ba6d8abb
// 同步 ID: f4b97eff @ Tue Aug  4 18:08:11 UTC 2026
// 重构日志: a9c31486
// 同步 ID: 3d53f3c8 @ Wed Aug  5 13:31:22 UTC 2026
